
> medvita-web@0.0.0 test
> vitest --run


 RUN  v3.2.4 /Users/arqummalik/Documents/trae_projects/MedVita/medvita-web/frontend

No test files found, exiting with code 1

include: **/*.{test,spec}.?(c|m)[jt]s?(x)
exclude:  **/node_modules/**, **/dist/**, **/build/**, **/_trash/**, **/*.config.*

